#-----------------------------------------------------------
# Vivado v2025.2 (64-bit)
# SW Build 6299465 on Fri Nov 14 19:35:11 GMT 2025
# IP Build 6300035 on Fri Nov 14 10:48:45 MST 2025
# SharedData Build 6298862 on Thu Nov 13 04:50:51 MST 2025
# Start of session at: Thu Aug 27 21:02:46 2026
# Process ID         : 16172
# Current directory  : C:/Users/Misha/Desktop/trabajoPractico1ALU
# Command line       : vivado.exe -gui_launcher_event rodinguilauncherevent22700 C:\Users\Misha\Desktop\trabajoPractico1ALU\trabajoPractico1ALU.xpr
# Log file           : C:/Users/Misha/Desktop/trabajoPractico1ALU/vivado.log
# Journal file       : C:/Users/Misha/Desktop/trabajoPractico1ALU\vivado.jou
# Running On         : DESKTOP-POAFI82
# Platform           : Windows Server 2016 or Windows 10
# Operating System   : 19045
# Processor Detail   : AMD Ryzen 5 5600 6-Core Processor              
# CPU Frequency      : 3500 MHz
# CPU Physical cores : 6
# CPU Logical cores  : 12
# Host memory        : 34282 MB
# Swap memory        : 3459 MB
# Total Virtual      : 37741 MB
# Available Virtual  : 15729 MB
#-----------------------------------------------------------
start_gui
open_project C:/Users/Misha/Desktop/trabajoPractico1ALU/trabajoPractico1ALU.xpr
update_compile_order -fileset sources_1
launch_simulation
source tb_top.tcl
close_sim
