#-----------------------------------------------------------
# Vivado v2025.2 (64-bit)
# SW Build 6299465 on Fri Nov 14 19:35:11 GMT 2025
# IP Build 6300035 on Fri Nov 14 10:48:45 MST 2025
# SharedData Build 6298862 on Thu Nov 13 04:50:51 MST 2025
# Start of session at: Mon Aug 31 20:11:56 2026
# Process ID         : 17924
# Current directory  : C:/Users/Misha/Desktop/trabajoPractico1ALU/trabajoPractico1ALU.runs/synth_1
# Command line       : vivado.exe -log top.vds -product Vivado -mode batch -messageDb vivado.pb -notrace -source top.tcl
# Log file           : C:/Users/Misha/Desktop/trabajoPractico1ALU/trabajoPractico1ALU.runs/synth_1/top.vds
# Journal file       : C:/Users/Misha/Desktop/trabajoPractico1ALU/trabajoPractico1ALU.runs/synth_1\vivado.jou
# Running On         : DESKTOP-POAFI82
# Platform           : Windows Server 2016 or Windows 10
# Operating System   : 19045
# Processor Detail   : AMD Ryzen 5 5600 6-Core Processor              
# CPU Frequency      : 3500 MHz
# CPU Physical cores : 6
# CPU Logical cores  : 12
# Host memory        : 34282 MB
# Swap memory        : 2147 MB
# Total Virtual      : 36429 MB
# Available Virtual  : 10339 MB
#-----------------------------------------------------------
source top.tcl -notrace
