Time resolution is 1 ps

========================================
INICIO TESTS DIRIGIDOS
========================================
TEST ADD
TEST SUB
TEST AND
TEST OR
TEST XOR
TEST SRA
TEST SRL
TEST NOR
TEST FLAG ZERO
TEST FLAG CARRY
TEST FLAG OVERFLOW

========================================
FIN TESTS DIRIGIDOS
========================================

========================================
INICIO TESTS ALEATORIOS
Cantidad: 1000
========================================
